---
source: src/model/attribute.rs
expression: "SearchableAttributes::build().finish()"
---
[]
